[    0.000000] Linux version 4.15.0-202-generic (buildd@lcy02-amd64-115) (gcc version 7.5.0 (Ubuntu 7.5.0-3ubuntu1~18.04)) #213-Ubuntu SMP Thu Jan 5 19:19:12 UTC 2023 (Ubuntu 4.15.0-202.213-generic 4.15.18)
[    0.000000] Command line: BOOT_IMAGE=/boot/vmlinuz-4.15.0-202-generic root=LABEL=cloudimg-rootfs ro console=tty1 console=ttyS0
[    0.000000] KERNEL supported cpus:
[    0.000000]   Intel GenuineIntel
[    0.000000]   AMD AuthenticAMD
[    0.000000]   Centaur CentaurHauls
[    0.000000] x86/fpu: Supporting XSAVE feature 0x001: 'x87 floating point registers'
[    0.000000] x86/fpu: Supporting XSAVE feature 0x002: 'SSE registers'
[    0.000000] x86/fpu: Supporting XSAVE feature 0x004: 'AVX registers'
[    0.000000] x86/fpu: xstate_offset[2]:  576, xstate_sizes[2]:  256
[    0.000000] x86/fpu: Enabled xstate features 0x7, context size is 832 bytes, using 'standard' format.
[    0.000000] e820: BIOS-provided physical RAM map:
[    0.000000] BIOS-e820: [mem 0x0000000000000000-0x000000000009fbff] usable
[    0.000000] BIOS-e820: [mem 0x000000000009fc00-0x000000000009ffff] reserved
[    0.000000] BIOS-e820: [mem 0x00000000000f0000-0x00000000000fffff] reserved
[    0.000000] BIOS-e820: [mem 0x0000000000100000-0x0000000063feffff] usable
[    0.000000] BIOS-e820: [mem 0x0000000063ff0000-0x0000000063ffffff] ACPI data
[    0.000000] BIOS-e820: [mem 0x00000000fec00000-0x00000000fec00fff] reserved
[    0.000000] BIOS-e820: [mem 0x00000000fee00000-0x00000000fee00fff] reserved
[    0.000000] BIOS-e820: [mem 0x00000000fffc0000-0x00000000ffffffff] reserved
[    0.000000] NX (Execute Disable) protection: active
[    0.000000] SMBIOS 2.5 present.
[    0.000000] DMI: innotek GmbH VirtualBox/VirtualBox, BIOS VirtualBox 12/01/2006
[    0.000000] Hypervisor detected: KVM
[    0.000000] e820: last_pfn = 0x63ff0 max_arch_pfn = 0x400000000
[    0.000000] MTRR: Disabled
[    0.000000] x86/PAT: MTRRs disabled, skipping PAT initialization too.
[    0.000000] CPU MTRRs all blank - virtualized system.
[    0.000000] x86/PAT: Configuration [0-7]: WB  WT  UC- UC  WB  WT  UC- UC  
[    0.000000] found SMP MP-table at [mem 0x0009fff0-0x0009ffff]
[    0.000000] Scanning 1 areas for low memory corruption
[    0.000000] RAMDISK: [mem 0x359c9000-0x36cdbfff]
[    0.000000] ACPI: Early table checksum verification disabled
[    0.000000] ACPI: RSDP 0x00000000000E0000 000024 (v02 VBOX  )
[    0.000000] ACPI: XSDT 0x0000000063FF0030 00003C (v01 VBOX   VBOXXSDT 00000001 ASL  00000061)
[    0.000000] ACPI: FACP 0x0000000063FF00F0 0000F4 (v04 VBOX   VBOXFACP 00000001 ASL  00000061)
[    0.000000] ACPI: DSDT 0x0000000063FF0470 002325 (v02 VBOX   VBOXBIOS 00000002 INTL 20200925)
[    0.000000] ACPI: FACS 0x0000000063FF0200 000040
[    0.000000] ACPI: FACS 0x0000000063FF0200 000040
[    0.000000] ACPI: APIC 0x0000000063FF0240 000054 (v02 VBOX   VBOXAPIC 00000001 ASL  00000061)
[    0.000000] ACPI: SSDT 0x0000000063FF02A0 0001CC (v01 VBOX   VBOXCPUT 00000002 INTL 20200925)
[    0.000000] ACPI: Reserving FACP table memory at [mem 0x63ff00f0-0x63ff01e3]
[    0.000000] ACPI: Reserving DSDT table memory at [mem 0x63ff0470-0x63ff2794]
[    0.000000] ACPI: Reserving FACS table memory at [mem 0x63ff0200-0x63ff023f]
[    0.000000] ACPI: Reserving FACS table memory at [mem 0x63ff0200-0x63ff023f]
[    0.000000] ACPI: Reserving APIC table memory at [mem 0x63ff0240-0x63ff0293]
[    0.000000] ACPI: Reserving SSDT table memory at [mem 0x63ff02a0-0x63ff046b]
[    0.000000] No NUMA configuration found
[    0.000000] Faking a node at [mem 0x0000000000000000-0x0000000063feffff]
[    0.000000] NODE_DATA(0) allocated [mem 0x63fc5000-0x63feffff]
[    0.000000] kvm-clock: cpu 0, msr 0:63f44001, primary cpu clock
[    0.000000] kvm-clock: Using msrs 4b564d01 and 4b564d00
[    0.000000] kvm-clock: using sched offset of 4422133978 cycles
[    0.000000] clocksource: kvm-clock: mask: 0xffffffffffffffff max_cycles: 0x1cd42e4dffb, max_idle_ns: 881590591483 ns
[    0.000000] Zone ranges:
[    0.000000]   DMA      [mem 0x0000000000001000-0x0000000000ffffff]
[    0.000000]   DMA32    [mem 0x0000000001000000-0x0000000063feffff]
[    0.000000]   Normal   empty
[    0.000000]   Device   empty
[    0.000000] Movable zone start for each node
[    0.000000] Early memory node ranges
[    0.000000]   node   0: [mem 0x0000000000001000-0x000000000009efff]
[    0.000000]   node   0: [mem 0x0000000000100000-0x0000000063feffff]
[    0.000000] Reserved but unavailable: 104 pages
[    0.000000] Initmem setup node 0 [mem 0x0000000000001000-0x0000000063feffff]
[    0.000000] ACPI: PM-Timer IO Port: 0x4008
[    0.000000] IOAPIC[0]: apic_id 1, version 32, address 0xfec00000, GSI 0-23
[    0.000000] ACPI: INT_SRC_OVR (bus 0 bus_irq 0 global_irq 2 dfl dfl)
[    0.000000] ACPI: INT_SRC_OVR (bus 0 bus_irq 9 global_irq 9 low level)
[    0.000000] Using ACPI (MADT) for SMP configuration information
[    0.000000] smpboot: Allowing 1 CPUs, 0 hotplug CPUs
[    0.000000] PM: Registered nosave memory: [mem 0x00000000-0x00000fff]
[    0.000000] PM: Registered nosave memory: [mem 0x0009f000-0x0009ffff]
[    0.000000] PM: Registered nosave memory: [mem 0x000a0000-0x000effff]
[    0.000000] PM: Registered nosave memory: [mem 0x000f0000-0x000fffff]
[    0.000000] e820: [mem 0x64000000-0xfebfffff] available for PCI devices
[    0.000000] Booting paravirtualized kernel on KVM
[    0.000000] clocksource: refined-jiffies: mask: 0xffffffff max_cycles: 0xffffffff, max_idle_ns: 7645519600211568 ns
[    0.000000] setup_percpu: NR_CPUS:8192 nr_cpumask_bits:1 nr_cpu_ids:1 nr_node_ids:1
[    0.000000] percpu: Embedded 50 pages/cpu s167936 r8192 d28672 u2097152
[    0.000000] PV qspinlock hash table entries: 256 (order: 0, 4096 bytes)
[    0.000000] Built 1 zonelists, mobility grouping on.  Total pages: 403065
[    0.000000] Policy zone: DMA32
[    0.000000] Kernel command line: BOOT_IMAGE=/boot/vmlinuz-4.15.0-202-generic root=LABEL=cloudimg-rootfs ro console=tty1 console=ttyS0
[    0.000000] Memory: 1562432K/1637944K available (12300K kernel code, 2477K rwdata, 4320K rodata, 2472K init, 2720K bss, 75512K reserved, 0K cma-reserved)
[    0.000000] SLUB: HWalign=64, Order=0-3, MinObjects=0, CPUs=1, Nodes=1
[    0.000000] Kernel/User page tables isolation: enabled
[    0.000000] ftrace: allocating 39478 entries in 155 pages
[    0.004000] Hierarchical RCU implementation.
[    0.004000] 	RCU restricting CPUs from NR_CPUS=8192 to nr_cpu_ids=1.
[    0.004000] 	Tasks RCU enabled.
[    0.004000] RCU: Adjusting geometry for rcu_fanout_leaf=16, nr_cpu_ids=1
[    0.004000] NR_IRQS: 524544, nr_irqs: 256, preallocated irqs: 16
[    0.004000] random: crng init done
[    0.004000] Console: colour VGA+ 80x25
[    0.004000] console [tty1] enabled
[    0.004000] console [ttyS0] enabled
[    0.004000] ACPI: Core revision 20170831
[    0.004000] ACPI: 2 ACPI AML tables successfully acquired and loaded
[    0.004000] APIC: Switch to symmetric I/O mode setup
[    0.004000] x2apic enabled
[    0.004024] Switched APIC routing to physical x2apic.
[    0.011962] ..TIMER: vector=0x30 apic1=0 pin1=2 apic2=-1 pin2=-1
[    0.012004] tsc: Detected 2993.872 MHz processor
[    0.016015] Calibrating delay loop (skipped) preset value.. 5987.74 BogoMIPS (lpj=11975488)
[    0.020004] pid_max: default: 32768 minimum: 301
[    0.024027] Security Framework initialized
[    0.028003] Yama: becoming mindful.
[    0.029941] AppArmor: AppArmor initialized
[    0.036254] Dentry cache hash table entries: 262144 (order: 9, 2097152 bytes)
[    0.041243] Inode-cache hash table entries: 131072 (order: 8, 1048576 bytes)
[    0.044014] Mount-cache hash table entries: 4096 (order: 3, 32768 bytes)
[    0.048010] Mountpoint-cache hash table entries: 4096 (order: 3, 32768 bytes)
[    0.053099] Last level iTLB entries: 4KB 0, 2MB 0, 4MB 0
[    0.056004] Last level dTLB entries: 4KB 0, 2MB 0, 4MB 0, 1GB 0
[    0.060020] Spectre V1 : Mitigation: usercopy/swapgs barriers and __user pointer sanitization
[    0.064002] Spectre V2 : Mitigation: Retpolines
[    0.068001] Spectre V2 : Spectre v2 / SpectreRSB mitigation: Filling RSB on context switch
[    0.072003] Speculative Store Bypass: Vulnerable
[    0.076063] MDS: Mitigation: Clear CPU buffers
[    0.084000] Freeing SMP alternatives memory: 36K
[    0.200003] APIC calibration not consistent with PM-Timer: 101ms instead of 100ms
[    0.204000] APIC delta adjusted to PM-Timer: 6334017 (6399418)
[    0.204162] smpboot: CPU0: 11th Gen Intel(R) Core(TM) i7-1185G7 @ 3.00GHz (family: 0x6, model: 0x8c, stepping: 0x1)
[    0.208000] Performance Events: unsupported p6 CPU model 140 no PMU driver, software events only.
[    0.208044] Hierarchical SRCU implementation.
[    0.212440] NMI watchdog: Perf event create on CPU 0 failed with -2
[    0.216002] NMI watchdog: Perf NMI watchdog permanently disabled
[    0.220027] smp: Bringing up secondary CPUs ...
[    0.222232] smp: Brought up 1 node, 1 CPU
[    0.224002] smpboot: Max logical packages: 1
[    0.226142] smpboot: Total of 1 processors activated (5987.74 BogoMIPS)
[    0.228135] devtmpfs: initialized
[    0.232050] x86/mm: Memory block size: 128MB
[    0.234476] evm: security.selinux
[    0.236006] evm: security.SMACK64
[    0.237919] evm: security.SMACK64EXEC
[    0.240004] evm: security.SMACK64TRANSMUTE
[    0.242175] evm: security.SMACK64MMAP
[    0.244002] evm: security.apparmor
[    0.245753] evm: security.ima
[    0.248002] evm: security.capability
[    0.249987] clocksource: jiffies: mask: 0xffffffff max_cycles: 0xffffffff, max_idle_ns: 7645041785100000 ns
[    0.252011] futex hash table entries: 256 (order: 2, 16384 bytes)
[    0.256075] pinctrl core: initialized pinctrl subsystem
[    0.260201] RTC time: 12:35:40, date: 02/10/23
[    0.262586] NET: Registered protocol family 16
[    0.264071] audit: initializing netlink subsys (disabled)
[    0.266783] cpuidle: using governor ladder
[    0.268004] cpuidle: using governor menu
[    0.272008] audit: type=2000 audit(1676032546.054:1): state=initialized audit_enabled=0 res=1
[    0.276105] ACPI: bus type PCI registered
[    0.280013] acpiphp: ACPI Hot Plug PCI Controller Driver version: 0.5
[    0.284205] PCI: Using configuration type 1 for base access
[    0.287678] HugeTLB registered 2.00 MiB page size, pre-allocated 0 pages
[    0.288157] ACPI: Added _OSI(Module Device)
[    0.290678] ACPI: Added _OSI(Processor Device)
[    0.292004] ACPI: Added _OSI(3.0 _SCP Extensions)
[    0.294376] ACPI: Added _OSI(Processor Aggregator Device)
[    0.296008] ACPI: Added _OSI(Linux-Dell-Video)
[    0.300010] ACPI: Added _OSI(Linux-Lenovo-NV-HDMI-Audio)
[    0.302658] ACPI: Added _OSI(Linux-HPI-Hybrid-Graphics)
[    0.304628] ACPI: Executed 1 blocks of module-level executable AML code
[    0.310713] ACPI: Interpreter enabled
[    0.312012] ACPI: (supports S0 S5)
[    0.313872] ACPI: Using IOAPIC for interrupt routing
[    0.316235] PCI: Using host bridge windows from ACPI; if necessary, use "pci=nocrs" and report a bug
[    0.320231] ACPI: Enabled 2 GPEs in block 00 to 07
[    0.332820] ACPI: PCI Root Bridge [PCI0] (domain 0000 [bus 00-ff])
[    0.335817] acpi PNP0A03:00: _OSC: OS supports [ASPM ClockPM Segments MSI]
[    0.336443] acpi PNP0A03:00: _OSC: not requesting OS control; OS requires [ExtendedConfig ASPM ClockPM MSI]
[    0.340009] acpi PNP0A03:00: fail to add MMCONFIG information, can't access extended PCI configuration space under this bridge.
[    0.348583] PCI host bridge to bus 0000:00
[    0.352003] pci_bus 0000:00: root bus resource [io  0x0000-0x0cf7 window]
[    0.355318] pci_bus 0000:00: root bus resource [io  0x0d00-0xffff window]
[    0.356002] pci_bus 0000:00: root bus resource [mem 0x000a0000-0x000bffff window]
[    0.360003] pci_bus 0000:00: root bus resource [mem 0x64000000-0xfdffffff window]
[    0.364003] pci_bus 0000:00: root bus resource [bus 00-ff]
[    0.374622] pci 0000:00:01.1: legacy IDE quirk: reg 0x10: [io  0x01f0-0x01f7]
[    0.376002] pci 0000:00:01.1: legacy IDE quirk: reg 0x14: [io  0x03f6]
[    0.380002] pci 0000:00:01.1: legacy IDE quirk: reg 0x18: [io  0x0170-0x0177]
[    0.383396] pci 0000:00:01.1: legacy IDE quirk: reg 0x1c: [io  0x0376]
[    0.500758] pci 0000:00:07.0: quirk: [io  0x4000-0x403f] claimed by PIIX4 ACPI
[    0.504029] pci 0000:00:07.0: quirk: [io  0x4100-0x410f] claimed by PIIX4 SMB
[    0.584391] ACPI: PCI Interrupt Link [LNKA] (IRQs 5 9 10 *11)
[    0.588366] ACPI: PCI Interrupt Link [LNKB] (IRQs 5 9 *10 11)
[    0.592163] ACPI: PCI Interrupt Link [LNKC] (IRQs 5 *9 10 11)
[    0.596148] ACPI: PCI Interrupt Link [LNKD] (IRQs 5 9 10 *11)
[    0.603833] SCSI subsystem initialized
[    0.605377] pci 0000:00:02.0: vgaarb: setting as boot VGA device
[    0.608000] pci 0000:00:02.0: vgaarb: VGA device added: decodes=io+mem,owns=io+mem,locks=none
[    0.608006] pci 0000:00:02.0: vgaarb: bridge control possible
[    0.612001] vgaarb: loaded
[    0.616292] ACPI: bus type USB registered
[    0.618596] usbcore: registered new interface driver usbfs
[    0.620011] usbcore: registered new interface driver hub
[    0.624019] usbcore: registered new device driver usb
[    0.628162] EDAC MC: Ver: 3.0.0
[    0.633034] PCI: Using ACPI for IRQ routing
[    0.637325] NetLabel: Initializing
[    0.640001] NetLabel:  domain hash size = 128
[    0.642528] NetLabel:  protocols = UNLABELED CIPSOv4 CALIPSO
[    0.644125] NetLabel:  unlabeled traffic allowed by default
[    0.649466] clocksource: Switched to clocksource kvm-clock
[    0.664950] VFS: Disk quotas dquot_6.6.0
[    0.667515] VFS: Dquot-cache hash table entries: 512 (order 0, 4096 bytes)
[    0.671670] AppArmor: AppArmor Filesystem Enabled
[    0.674235] pnp: PnP ACPI init
[    0.677508] pnp: PnP ACPI: found 3 devices
[    0.688060] clocksource: acpi_pm: mask: 0xffffff max_cycles: 0xffffff, max_idle_ns: 2085701024 ns
[    0.693968] NET: Registered protocol family 2
[    0.697590] IP idents hash table entries: 32768 (order: 6, 262144 bytes)
[    0.703154] TCP established hash table entries: 16384 (order: 5, 131072 bytes)
[    0.709164] TCP bind hash table entries: 16384 (order: 6, 262144 bytes)
[    0.714245] TCP: Hash tables configured (established 16384 bind 16384)
[    0.720621] UDP hash table entries: 1024 (order: 3, 32768 bytes)
[    0.724957] UDP-Lite hash table entries: 1024 (order: 3, 32768 bytes)
[    0.728896] NET: Registered protocol family 1
[    0.731709] pci 0000:00:00.0: Limiting direct PCI/PCI transfers
[    0.735032] pci 0000:00:01.0: Activating ISA DMA hang workarounds
[    0.739613] pci 0000:00:02.0: Video device with shadowed ROM at [mem 0x000c0000-0x000dffff]
[    0.744347] Unpacking initramfs...
[    1.014839] Freeing initrd memory: 19532K
[    1.022144] clocksource: tsc: mask: 0xffffffffffffffff max_cycles: 0x2b27a8b088b, max_idle_ns: 440795316783 ns
[    1.043343] platform rtc_cmos: registered platform RTC device (no PNP device found)
[    1.049189] Scanning for low memory corruption every 60 seconds
[    1.053874] Initialise system trusted keyrings
[    1.056571] Key type blacklist registered
[    1.059011] workingset: timestamp_bits=36 max_order=19 bucket_order=0
[    1.063483] zbud: loaded
[    1.066615] squashfs: version 4.0 (2009/01/31) Phillip Lougher
[    1.070261] fuse init (API version 7.26)
[    1.082221] Key type asymmetric registered
[    1.084588] Asymmetric key parser 'x509' registered
[    1.087405] Block layer SCSI generic (bsg) driver version 0.4 loaded (major 246)
[    1.091648] io scheduler noop registered
[    1.093933] io scheduler deadline registered
[    1.096386] io scheduler cfq registered (default)
[    1.099490] ACPI: AC Adapter [AC] (on-line)
[    1.102079] input: Power Button as /devices/LNXSYSTM:00/LNXPWRBN:00/input/input0
[    1.106077] ACPI: Power Button [PWRF]
[    1.108439] input: Sleep Button as /devices/LNXSYSTM:00/LNXSLPBN:00/input/input1
[    1.112701] ACPI: Sleep Button [SLPF]
[    1.116628] ACPI: Battery Slot [BAT0] (battery present)
[    1.120031] Serial: 8250/16550 driver, 32 ports, IRQ sharing enabled
[    1.14659] 00:02:ttyS0 at I/O x3f8 (irq = , base_baud =115200) is a 1655A
[    1.162366] Linux agpgart interface v0.103
[    1.165955] loop: module loaded
[    1.168828] scsi host0: ata_piix
[    1.170956] scsi host1: ata_piix
[    1.172880] ata1: PATA max UDMA/33 cmd 0x1f0 ctl 0x3f6 bmdma 0xd000 irq 14
[    1.176489] ata2: PATA max UDMA/33 cmd 0x170 ctl 0x376 bmdma 0xd008 irq 15
[    1.181464] tun: Universal TUN/TAP device driver, 1.6
[    1.184167] PPP generic driver version 2.4.2
[    1.186525] ehci_hcd: USB 2.0 'Enhanced' Host Controller (EHCI) Driver
[    1.190188] ehci-pci: EHCI PCI platform driver
[    1.192971] ehci-platform: EHCI generic platform driver
[    1.195979] ohci_hcd: USB 1.1 'Open' Host Controller (OHCI) Driver
[    1.199352] ohci-pci: OHCI PCI platform driver
[    1.202498] ohci-platform: OHCI generic platform driver
[    1.205489] uhci_hcd: USB Universal Host Controller Interface driver
[    1.209065] i8042: PNP: PS/2 Controller [PNP0303:PS2K,PNP0f03:PS2M] at 0x60,0x64 irq 1,12
[    1.214781] serio: i8042 KBD port at 0x60,0x64 irq 1
[    1.217540] serio: i8042 AUX port at 0x60,0x64 irq 12
[    1.220707] mousedev: PS/2 mouse device common for all mice
[    1.224447] input: AT Translated Set 2 keyboard as /devices/platform/i8042/serio0/input/input2
[    1.229963] rtc_cmos rtc_cmos: rtc core: registered rtc_cmos as rtc0
[    1.233610] rtc_cmos rtc_cmos: alarms up to one day, 114 bytes nvram
[    1.237028] i2c /dev entries driver
[    1.239221] device-mapper: uevent: version 1.0.3
[    1.242584] device-mapper: ioctl: 4.37.0-ioctl (2017-09-20) initialised: dm-devel@redhat.com
[    1.262969] ledtrig-cpu: registered to indicate activity on CPUs
[    1.266223] NET: Registered protocol family 10
[    1.271989] Segment Routing with IPv6
[    1.273995] NET: Registered protocol family 17
[    1.276928] Key type dns_resolver registered
[    1.283133] mce: Using 0 MCE banks
[    1.285174] RAS: Correctable Errors collector initialized.
[    1.288124] sched_clock: Marking stable (1285147079, 0)->(1722400852, -437253773)
[    1.292171] registered taskstats version 1
[    1.294377] Loading compiled-in X.509 certificates
[    1.299201] Loaded X.509 cert 'Build time autogenerated kernel key: f114f3958ed3c37ba1924ca66ae8368f3c35b0e4'
[    1.304700] Loaded X.509 cert 'Canonical Ltd. Live Patch Signing: 14df34d1a87cf37625abec039ef2bf521249b969'
[    1.309736] Loaded X.509 cert 'Canonical Ltd. Kernel Module Signing: 88f752e560a1e0737e31163a466ad7b70a850c19'
[    1.314578] blacklist: Loading compiled-in revocation X.509 certificates
[    1.318475] Loaded X.509 cert 'Canonical Ltd. Secure Boot Signing: 61482aa2830d0ab2ad5af10b7250da9033ddcef0'
[    1.323354] zswap: loaded using pool lzo/zbud
[    1.328127] Key type big_key registered
[    1.330173] Key type trusted registered
[    1.333408] Key type encrypted registered
[    1.335537] AppArmor: AppArmor sha1 policy hashing enabled
[    1.338546] ima: No TPM chip found, activating TPM-bypass! (rc=-19)
[    1.377890] ima: Allocated hash algorithm: sha1
[    1.381169] evm: HMAC attrs: 0x1
[    1.384319]   Magic number: 11:28:582
[    1.387069] rtc_cmos rtc_cmos: setting system clock to 2023-02-10 12:35:41 UTC (1676032541)
[    1.391169] BIOS EDD facility v0.16 2004-Jun-25, 0 devices found
[    1.394165] EDD information not available.
[    1.399417] Freeing unused kernel image memory: 2472K
[    1.408122] Write protecting the kernel read-only data: 20480k
[    1.413947] Freeing unused kernel image memory: 2008K
[    1.419054] Freeing unused kernel image memory: 1824K
[    1.425215] x86/mm: Checked W+X mappings: passed, no W+X pages found.
[    1.428638] x86/mm: Checking user space page tables
[    1.434743] x86/mm: Checked W+X mappings: passed, no W+X pages found.
Loading, please wait...
starting version 237
[    1.505601] e1000: Intel(R) PRO/1000 Network Driver - version 7.3.21-k8-NAPI
[    1.509805] e1000: Copyright (c) 1999-2006 Intel Corporation.
[    1.517092] Fusion MPT base driver 3.04.20
[    1.520026] Copyright (c) 1999-2008 LSI Corporation
[    1.546826] AVX2 version of gcm_enc/dec engaged.
[    1.549902] AES CTR mode by8 optimization enabled
[    1.565005] Fusion MPT SPI Host driver 3.04.20
[    1.582164] mptbase: ioc0: Initiating bringup
[    1.682296] ioc0: LSI53C1030 A0: Capabilities={Initiator}
[    1.735609] input: ImExPS/2 Generic Explorer Mouse as /devices/platform/i8042/serio1/input/input4
[    1.934853] scsi host2: ioc0: LSI53C1030 A0, FwRev=00000000h, Ports=1, MaxQ=256, IRQ=20
[    2.109062] scsi 2:0:0:0: Direct-Access     VBOX     HARDDISK         1.0  PQ: 0 ANSI: 5
[    2.115205] scsi target2:0:0: Beginning Domain Validation
[    2.119538] scsi target2:0:0: Domain Validation skipping write tests
[    2.122557] scsi target2:0:0: Ending Domain Validation
[    2.125689] scsi target2:0:0: asynchronous
[    2.128279] scsi 2:0:1:0: Direct-Access     VBOX     HARDDISK         1.0  PQ: 0 ANSI: 5
[    2.132221] scsi target2:0:1: Beginning Domain Validation
[    2.137052] scsi target2:0:1: Domain Validation skipping write tests
[    2.140034] scsi target2:0:1: Ending Domain Validation
[    2.142947] scsi target2:0:1: asynchronous
[    2.153921] sd 2:0:0:0: Attached scsi generic sg0 type 0
[    2.156538] sd 2:0:0:0: [sda] 83886080 512-byte logical blocks: (42.9 GB/40.0 GiB)
[    2.165763] sd 2:0:1:0: Attached scsi generic sg1 type 0
[    2.168361] sd 2:0:0:0: [sda] Write Protect is off
[    2.171043] sd 2:0:1:0: [sdb] 20480 512-byte logical blocks: (10.5 MB/10.0 MiB)
[    2.179996] sd 2:0:0:0: [sda] Incomplete mode parameter data
[    2.182734] sd 2:0:0:0: [sda] Assuming drive cache: write through
[    2.185748] sd 2:0:1:0: [sdb] Write Protect is off
[    2.193505] sd 2:0:1:0: [sdb] Incomplete mode parameter data
[    2.196027] sd 2:0:1:0: [sdb] Assuming drive cache: write through
[    2.211227]  sda: sda1
[    2.229956] sd 2:0:0:0: [sda] Attached SCSI disk
[    2.237566] sd 2:0:1:0: [sdb] Attached SCSI disk
[    2.630825] e1000 0000:00:03.0 eth0: (PCI:33MHz:32-bit) 02:47:43:72:71:6b
[    2.634410] e1000 0000:00:03.0 eth0: Intel(R) PRO/1000 Network Connection
[    3.168471] e1000 0000:00:08.0 eth1: (PCI:33MHz:32-bit) 08:00:27:c7:c4:02
[    3.174443] e1000 0000:00:08.0 eth1: Intel(R) PRO/1000 Network Connection
[    3.181391] e1000 0000:00:08.0 enp0s8: renamed from eth1
[    3.190265] e1000 0000:00:03.0 enp0s3: renamed from eth0
Begin: Loading essential drivers ... [    5.420204] raid6: sse2x1   gen() 56703 MB/s
[    5.510528] raid6: sse2x1   xor() 11022 MB/s
[    5.716226] raid6: sse2x2   gen() 45459 MB/s
[    5.882248] raid6: sse2x2   xor() 39412 MB/s
[    6.064024] raid6: sse2x4   gen() 29282 MB/s
[    6.152169] raid6: sse2x4   xor()  9686 MB/s
[    6.260537] raid6: avx2x1   gen() 58827 MB/s
[    6.364204] raid6: avx2x1   xor() 38947 MB/s
[    6.560109] raid6: avx2x2   gen() 76413 MB/s
[    6.640625] raid6: avx2x2   xor() 30040 MB/s
[    6.760576] raid6: avx2x4   gen() 85659 MB/s
[    6.870455] raid6: avx2x4   xor() 33866 MB/s
[    6.874764] raid6: using algorithm avx2x4 gen() 85659 MB/s
[    6.878429] raid6: .... xor() 33866 MB/s, rmw enabled
[    6.881639] raid6: using avx2x2 recovery algorithm
[    6.885448] xor: automatically using best checksumming function   avx       
[    6.889966] async_tx: api initialized (async)
done.
Begin: Running /scripts/init-premount ... done.
Begin: Mounting root file system ... Begin: Running /scripts/local-top ... done.
Begin: Running /scripts/local-premount ... [    6.935861] Btrfs loaded, crc32c=crc32c-intel
Scanning for Btrfs filesystems
done.
Warning: fsck not present, so skipping root file system
[    6.971286] EXT4-fs (sda1): mounted filesystem with ordered data mode. Opts: (null)
done.
Begin: Running /scripts/local-bottom ... done.
Begin: Running /scripts/init-bottom ... done.
[    7.147217] ip_tables: (C) 2000-2006 Netfilter Core Team
[    7.161116] systemd[1]: systemd 237 running in system mode. (+PAM +AUDIT +SELINUX +IMA +APPARMOR +SMACK +SYSVINIT +UTMP +LIBCRYPTSETUP +GCRYPT +GNUTLS +ACL +XZ +LZ4 +SECCOMP +BLKID +ELFUTILS +KMOD -IDN2 +IDN -PCRE2 default-hierarchy=hybrid)
[    7.174514] systemd[1]: Detected virtualization oracle.
[    7.178442] systemd[1]: Detected architecture x86-64.

Welcome to [1mUbuntu 18.04.6 LTS[0m!

[    7.202989] systemd[1]: Set hostname to <ubuntu>.
[    7.217869] systemd[1]: Initializing machine ID from random generator.
[    7.223417] systemd[1]: Installed transient /etc/machine-id file.
[    7.496410] systemd[1]: Reached target Swap.
[[0;32m  OK  [0m] Reached target Swap.
[    7.504517] systemd[1]: Reached target User and Group Name Lookups.
[[0;32m  OK  [0m] Reached target User and Group Name Lookups.
[    7.511066] systemd[1]: Reached target Mounting snaps.
[[0;32m  OK  [0m] Reached target Mounting snaps.
[    7.526663] systemd[1]: Reached target Mounted snaps.
[[0;32m  OK  [0m] Reached target Mounted snaps.
[[0;32m  OK  [0m] Started Forward Password Requests to Wall Directory Watch.
[[0;32m  OK  [0m] Reached target System Time Synchronized.
[[0;32m  OK  [0m] Created slice System Slice.
[[0;32m  OK  [0m] Created slice system-serial\x2dgetty.slice.
[[0;32m  OK  [0m] Listening on LVM2 poll daemon socket.
[[0;32m  OK  [0m] Listening on Syslog Socket.
[[0;32m  OK  [0m] Listening on udev Control Socket.
[[0;32m  OK  [0m] Listening on Journal Socket.
[[0;32m  OK  [0m] Listening on /dev/initctl Compatibility Named Pipe.
[[0;32m  OK  [0m] Listening on fsck to fsckd communication Socket.
[[0;32m  OK  [0m] Listening on Journal Audit Socket.
         Starting Set the console keyboard layout...
         Mounting Kernel Debug File System...
[[0;32m  OK  [0m] Listening on udev Kernel Socket.
         Starting udev Coldplug all Devices...
[[0;32m  OK  [0m] Listening on Network Service Netlink Socket.
         Starting Load Kernel Modules...
[[0;32m  OK  [0m] Listening on Device-mapper event daemon FIFOs.
         Mounting POSIX Message Queue File System...
         Starting File System Check on Root Device...
[[0;32m  OK  [0m] Listening on LVM2 metadata daemon socket.
         Mounting Huge Pages File System...
         [    7.621734] Loading iSCSI transport class v2.0-870.
Starting Uncomplicated firewall...
         Starting Monitoring of LVM2 mirrorsâ€¦ng dmeventd or progress polling...
[[0;32m  OK  [0m] Created slice User and Session Slice.
[[0;32m  OK  [0m] Reached target Slices.
[[0;32m  OK  [0m] Set up automount Arbitrary Executabâ€¦rmats File System Automount Point.
[    7.677336] iscsi: registered transport (tcp)
[    7.722612] iscsi: registered transport (iser)
[[0;32m  OK  [0m] Listening on Journal Socket (/dev/log).
         Starting Journal Service...
         Starting Create list of required stâ€¦ce nodes for the current kernel...
[[0;32m  OK  [0m] Mounted Kernel Debug File System.
[[0;32m  OK  [0m] Started Load Kernel Modules.
[[0;32m  OK  [0m] Mounted POSIX Message Queue File System.
[[0;32m  OK  [0m] Mounted Huge Pages File System.
[[0;32m  OK  [0m] Started Uncomplicated firewall.
[[0;32m  OK  [0m] Started LVM2 metadata daemon.
[[0;32m  OK  [0m] Started File System Check Daemon to report status.
         Mounting Kernel Configuration File System...
         Starting Apply Kernel Variables...
         Mounting FUSE Control File System...
[[0;32m  OK  [0m] Started Create list of required staâ€¦vice nodes for the current kernel.
[[0;32m  OK  [0m] Started File System Check on Root Device.
[[0;32m  OK  [0m] Mounted Kernel Configuration File System.
[[0;32m  OK  [0m] Mounted FUSE Control File System.
         Starting Remount Root and Kernel File Systems...
         Starting Create Static Device Nodes in /dev...
[[0;32m  OK  [0m] Started udev Coldplug all Devices.
[[0;32m  OK  [0m] Started Journal Service.
[[0;32m  OK  [0m] Started Create Static Device Nodes in /dev.
[[0;32m  OK  [0m] Started Apply Kernel Variables.
[[0;32m  OK  [0m] Started Remount Root and Kernel File Systems.
[[0;32m  OK  [0m] Started Monitoring of LVM2 mirrors,â€¦sing dmeventd or progress polling.
         Starting udev Kernel Device Manager...
         Starting Load/Save Random Seed...
         Starting Flush Journal to Persistent Storage...
[[0;32m  OK  [0m] Started udev Kernel Device Manager.
[[0;32m  OK  [0m] Started Load/Save Random Seed.
[[0;32m  OK  [0m] Started Flush Journal to Persistent Storage.
[[0;32m  OK  [0m] Found device /dev/ttyS0.
[[0;32m  OK  [0m] Listening on Load/Save RF Kill Switch Status /dev/rfkill Watch.
         Mounting Arbitrary Executable File Formats File System...
[[0;32m  OK  [0m] Mounted Arbitrary Executable File Formats File System.
[[0;32m  OK  [0m] Started Set the console keyboard layout.
[[0;32m  OK  [0m] Started Dispatch Password Requests to Console Directory Watch.
[[0;32m  OK  [0m] Reached target Local Encrypted Volumes.
[[0;32m  OK  [0m] Reached target Local File Systems (Pre).
[[0;32m  OK  [0m] Reached target Local File Systems.
         Starting Commit a transient machine-id on disk...
         Starting AppArmor initialization...
         Starting ebtables ruleset management...
         Starting Set console font and keymap...
         Starting Create Volatile Files and Directories...
         Starting Tell Plymouth To Write Out Runtime Data...
[[0;32m  OK  [0m] Started Commit a transient machine-id on disk.
[[0;32m  OK  [0m] Started Tell Plymouth To Write Out Runtime Data.
[[0;32m  OK  [0m] Started Create Volatile Files and Directories.
         Starting Update UTMP about System Boot/Shutdown...
[[0;32m  OK  [0m] Started Update UTMP about System Boot/Shutdown.
[[0;32m  OK  [0m] Started ebtables ruleset management.
[[0;32m  OK  [0m] Started AppArmor initialization.
         Starting Load AppArmor profiles managed internally by snapd...
         Starting Initial cloud-init job (pre-networking)...
[[0;32m  OK  [0m] Started Load AppArmor profiles managed internally by snapd.
[[0;32m  OK  [0m] Started Set console font and keymap.
[   12.815778] cloud-init[811]: Cloud-init v. 22.4.2-0ubuntu0~18.04.1 running 'init-local' at Fri, 10 Feb 2023 12:35:52 +0000. Up 12.49 seconds.
[[0;32m  OK  [0m] Started Initial cloud-init job (pre-networking).
[[0;32m  OK  [0m] Reached target Network (Pre).
         Starting Network Service...
[[0;32m  OK  [0m] Started Network Service.
         Starting Wait for Network to be Configured...
         Starting Network Name Resolution...
[[0;32m  OK  [0m] Started Network Name Resolution.
[[0;32m  OK  [0m] Reached target Network.
[[0;32m  OK  [0m] Reached target Host and Network Name Lookups.
[[0;32m  OK  [0m] Started Wait for Network to be Configured.
         Starting Initial cloud-init job (metadata service crawler)...
[   15.280798] cloud-init[935]: Cloud-init v. 22.4.2-0ubuntu0~18.04.1 running 'init' at Fri, 10 Feb 2023 12:35:55 +0000. Up 15.17 seconds.
[   15.288101] cloud-init[935]: ci-info: ++++++++++++++++++++++++++++++++++++++Net device info+++++++++++++++++++++++++++++++++++++++
[   15.293487] cloud-init[935]: ci-info: +--------+-------+----------------------------+---------------+--------+-------------------+
[   15.303384] cloud-init[935]: ci-info: | Device |   Up  |          Address           |      Mask     | Scope  |     Hw-Address    |
[   15.307099] cloud-init[935]: ci-info: +--------+-------+----------------------------+---------------+--------+-------------------+
[   15.317491] cloud-init[935]: ci-info: | enp0s3 |  True |         10.0.2.15          | 255.255.255.0 | global | 02:47:43:72:71:6b |
[   15.332876] cloud-init[935]: ci-info: | enp0s3 |  True | fe80::47:43ff:fe72:716b/64 |       .       |  link  | 02:47:43:72:71:6b |
[   15.337928] cloud-init[935]: ci-info: | enp0s8 | False |             .              |       .       |   .    | 08:00:27:c7:c4:02 |
[   15.343751] cloud-init[935]: ci-info: |   lo   |  True |         127.0.0.1          |   255.0.0.0   |  host  |         .         |
[   15.350191] cloud-init[935]: ci-info: |   lo   |  True |          ::1/128           |       .       |  host  |         .         |
[   15.359061] cloud-init[935]: ci-info: +--------+-------+----------------------------+---------------+--------+-------------------+
[   15.367198] cloud-init[935]: ci-info: ++++++++++++++++++++++++++++Route IPv4 info+++++++++++++++++++++++++++++
[   15.371973] cloud-init[935]: ci-info: +-------+-------------+----------+-----------------+-----------+-------+
[   15.377241] cloud-init[935]: ci-info: | Route | Destination | Gateway  |     Genmask     | Interface | Flags |
[   15.385502] cloud-init[935]: ci-info: +-------+-------------+----------+-----------------+-----------+-------+
[   15.392239] cloud-init[935]: ci-info: |   0   |   0.0.0.0   | 10.0.2.2 |     0.0.0.0     |   enp0s3  |   UG  |
[   15.401917] cloud-init[935]: ci-info: |   1   |   10.0.2.0  | 0.0.0.0  |  255.255.255.0  |   enp0s3  |   U   |
[   15.406173] cloud-init[935]: ci-info: |   2   |   10.0.2.2  | 0.0.0.0  | 255.255.255.255 |   enp0s3  |   UH  |
[   15.412658] cloud-init[935]: ci-info: +-------+-------------+----------+-----------------+-----------+-------+
[   15.439740] cloud-init[935]: ci-info: +++++++++++++++++++Route IPv6 info+++++++++++++++++++
[   15.442459] cloud-init[935]: ci-info: +-------+-------------+---------+-----------+-------+
[   15.460488] cloud-init[935]: ci-info: | Route | Destination | Gateway | Interface | Flags |
[   15.474571] cloud-init[935]: ci-info: +-------+-------------+---------+-----------+-------+
[   15.479282] cloud-init[935]: ci-info: |   1   |  fe80::/64  |    ::   |   enp0s3  |   U   |
[   15.485337] cloud-init[935]: ci-info: |   3   |    local    |    ::   |   enp0s3  |   U   |
[   15.488657] cloud-init[935]: ci-info: |   4   |   ff00::/8  |    ::   |   enp0s3  |   U   |
[   15.500181] cloud-init[935]: ci-info: +-------+-------------+---------+-----------+-------+
[   15.985237] cloud-init[935]: Generating public/private rsa key pair.
[   15.993169] cloud-init[935]: Your identification has been saved in /etc/ssh/ssh_host_rsa_key.
[   15.997041] cloud-init[935]: Your public key has been saved in /etc/ssh/ssh_host_rsa_key.pub.
[   16.010655] cloud-init[935]: The key fingerprint is:
[   16.013427] cloud-init[935]: SHA256:LnTJ5QGaF4aHTykuRtRt2b9C5f4IQgl3YtAe/abqPo4 root@ubuntu-bionic
[   16.017183] cloud-init[935]: The key's randomart image is:
[   16.044098] cloud-init[935]: +---[RSA 2048]----+
[   16.046690] cloud-init[935]: |   ....*+=       |
[   16.049326] cloud-init[935]: |    . *+&o+ .    |
[   16.052208] cloud-init[935]: |   . .o@.=o=     |
[   16.054561] cloud-init[935]: |    o .o=+..=    |
[   16.056936] cloud-init[935]: |   . ...S..+ .   |
[   16.059381] cloud-init[935]: |     . o. + o    |
[   16.061934] cloud-init[935]: |      . .o o o   |
[   16.064240] cloud-init[935]: |       oo   . .  |
[   16.069133] cloud-init[935]: |      E++.       |
[   16.077211] cloud-init[935]: +----[SHA256]-----+
[   16.079819] cloud-init[935]: Generating public/private dsa key pair.
[[0;32m  OK  [0m] Started Initial cloud-init job (metadata service crawler).
[   16.086944] cloud-init[[0;32m  OK  [0m] Reached target System Initialization.
[935]: Your identification has been saved in /etc/ssh/ssh_host_dsa_key.
[[0;32m  OK  [0m] Listening on UUID daemon activation socket.
         Starting Socket activation for snappy daemon.
[   16.105184] cloud-init[935]: Your public key has been saved in /etc/ssh/ssh_host_dsa_key.pub.[[0;32m  OK  [0m] Started Ubuntu Advantage Timer for running repeated jobs.
[[0;32m  OK  [0m] Started Daily apt download activities.
[   16.119562] 
[[0;32m  OK  [0m] Started Daily apt upgrade and clean activities.
cloud-init[935]: The key fingerprint is:
         Starting LXD - unix socket.[   16.130722] cloud-init[935]: SHA256:L6A8KO0GBOsFPN16RbOM7TAhXeRQACNi2Bd/jJycLV0 root@ubuntu-bionic
[[0;32m  OK  [0m] Listening on ACPID Listen Socket.
[[0;32m  OK  [0m] Started ACPI Events Check.
[[0;32m  OK  [0m] Reached target Paths.

[   16.148086] [[0;32m  OK  [0m] Started Discard unused blocks once a week.
cloud-init[[0;32m  OK  [0m] Started Message of the Day.[935]: The key's randomart image is:
[   16.159016] cloud-init[935]: 
[[0;32m  OK  [0m] Listening on cloud-init hotplug hook socket.
[[0;32m  OK  [0m] Listening on D-Bus System Message Bus Socket.+---[DSA 1024]----+
[   16.170665] cloud-init[935]: 
[[0;32m  OK  [0m] Started Daily Cleanup of Temporary Directories.
[[0;32m  OK  [0m|++.+==**  E      |
[   16.178865] cloud-init[935]: |=+o.+*BOo.       |
[   16.181238] ] Reached target Timers.
[[0;32m  OK  [0m] Listening on Open-iSCSI iscsid Socket.
[[0;32m  OK  [0m] Reached target Cloud-config availability.cloud-init[935]: |..o..+X==        |
[   16.191693] 
[[0;32m  OK  [0m] Reached target Network is Online.
cloud-init[935]: |.. o .+o         |
[   16.197793] cloud-init[935]: |o . . ..S        |
[[0;32m  OK  [0m] Reached target Remote File Systems (Pre).
[[0;32m  OK  [0m] [   16.204372] cloud-init[935]: |.o o . . .       |
[   16.207121] cloud-init[935]: Reached target Remote File Systems.
         Starting Availability of block devices...|..o +   . .      |
[   16.216105] 
[[0;32m  OK  [0m] Listening on Socket activation for snappy daemon.
[[0;32m  OK  [0m] Listening on LXD - unix socket.
[cloud-init[0;32m  OK  [0m] Reached target Sockets.
[[0;32m  OK  [0m] Reached target Basic System.
[935]: | o.  .   .       |
[   16.238130] cloud-init[935]: | ..              |
         Starting Accounts Service...
[[0;32m  OK  [0m[   16.249621] ] Started D-Bus System Message Bus.
cloud-init[935]: +----[SHA256]-----+
[   16.262973] cloud-init[935]: Generating public/private ecdsa key pair.
[   16.274074] cloud-init[935]: Your identification has been saved in /etc/ssh/ssh_host_ecdsa_key.
[   16.291153] cloud-init[[0;32m  OK  [0m] Reached target Login Prompts (Pre).
[935]: Your public key has been saved in /etc/ssh/ssh_host_ecdsa_key.pub.         Starting Pollinate to seed the pseudo random number generator...
[[0;32m  OK  [0m] Started FUSE filesystem for LXC.

[   16.338999] cloud-init[935]: The key fingerprint is:
[   16.349036] cloud-init[935]: SHA256:fOhyXYznp5mIhosLeCsYsfoLW7t0gO/WpEdbhGrKxFw root@ubuntu-bionic
[   16.360166] cloud-init[935]: The key's randomart image is:
[   16.365841] [[0;32m  OK  [0m] Started Regular background program processing daemon.
cloud-init[[0;32m  OK  [0m[935]: ] Started irqbalance daemon.
+---[ECDSA 256]---+         Starting LXD - container startup/shutdown...

[   16.389784] cloud-init[935]: |                 |
[   16.395934] cloud-init[935]: |                 |
[   16.402847]          Starting Dispatcher daemon for systemd-networkd...
cloud-init         Starting Login Service...
[935]: |     .           |
[   16.424886] cloud-init[935]: |.. E. .. . o     |
[   16.431809] cloud-init[935]: |+oo. .  S o +    |
[   16.441767] cloud-init[935]: |o*o.o .. o +     |
[   16.456008] cloud-init         Starting LSB: Record successful boot for GRUB...
         Starting Permit User Sessions...
         Starting LSB: automatic crash report generation...
[935]: |B+*=.o..o . . .  |         Starting Virtualbox guest utils...
         Starting System Logging Service...
[[0;32m  OK  [0m] Started Deferred execution scheduler.

[   16.513115] cloud-init[935]: |=Oo=+..o.. . =   |
[   16.524233] cloud-init[935]: |.+B+o..o. . +    |
[   16.542617] cloud-init[935]: +----[SHA256]-----+
[   16.548317] cloud-init[935]: Generating public/private ed25519 key pair.
[   16.554963]          Starting Snap Daemon...
[[0;32m  OK  [0mcloud-init[935]: Your identification has been saved in /etc/ssh/ssh_host_ed25519_key.] Started System Logging Service.
[[0;32m  OK  [0m] Started Availability of block devices.
[[0;32m  OK  [0m] Started Permit User Sessions.

[   16.578550] cloud-init[935]: Your public key has been saved in /etc/ssh/ssh_host_ed25519_key.pub.
[   16.590958] cloud-init[935]: The key fingerprint is:
[   16.600861] cloud-init[935]: SHA256:hR/oogFFAWqEqDkkPd/D+SXKxSbymcWuuL7xQFa+8Po root@ubuntu-bionic
[   16.613892] cloud-init[935]: The key's randomart image is:
[   16.620311] cloud-init[935]: +--[ED25519 256]--+
[   16.650005] cloud-init[935]: |oo.o+.           |
[   16.658134] cloud-init[935]: |=oo.     o       |
[   16.670658] cloud-init[935]: |=o.o o.+o o      |
[   16.681985] cloud-init[935]: |=  .oo*.Bo..     |
[   16.692114] cloud-init[935]: | .  =+o%So.      |
[   16.708973] cloud-init[935]: |   o =*oo        |
[   16.720594] cloud-init[935]: |    +.o.         |
[   16.731394] cloud-init[935]: |    .=.          |
[   16.741442] cloud-init[935]: |   .=+E          |
[   16.748993] cloud-init[935]: +----[SHA256]-----+
[[0;32m  OK  [0m] Started Login Service.
[[0;32m  OK  [0m] Started Unattended Upgrades Shutdown.
         Starting Authorization Manager...
         Starting Terminate Plymouth Boot Screen...
         Starting Hold until boot process finishes up...
[[0;32m  OK  [0m] Started Hold until boot process finishes up.
         Starting Set console scheme...
[[0;32m  OK  [0m] Started Serial Getty on ttyS0.
[[0;32m  OK  [0m] Started Terminate Plymouth Boot Screen.
[[0;32m  OK  [0m] Started LXD - container startup/shutdown.
[[0;32m  OK  [0m] Started Set console scheme.
[[0;32m  OK  [0m] Created slice system-getty.slice.
[[0;32m  OK  [0m] Started Getty on tty1.
[[0;32m  OK  [0m] Reached target Login Prompts.
[[0;32m  OK  [0m] Started LSB: automatic crash report generation.
[[0;32m  OK  [0m] Started LSB: Record successful boot for GRUB.
[[0;32m  OK  [0m] Started Authorization Manager.
[[0;32m  OK  [0m] Started Accounts Service.
[[0;32m  OK  [0m] Started Dispatcher daemon for systemd-networkd.
[[0;32m  OK  [0m] Started Virtualbox guest utils.
[[0;32m  OK  [0m] Started Snap Daemon.
         Starting Wait until snapd is fully seeded...
[[0;32m  OK  [0m] Started Pollinate to seed the pseudo random number generator.
         Starting OpenBSD Secure Shell server...
[[0;32m  OK  [0m] Started OpenBSD Secure Shell server.
         Starting Time & Date Service...
[[0;32m  OK  [0m] Started Time & Date Service.
[[0;32m  OK  [0m] Created slice User Slice of vagrant.
[[0;32m  OK  [0m] Started Session 1 of user vagrant.
         Starting User Manager for UID 1000...
[[0;32m  OK  [0m] Started User Manager for UID 1000.
[[0;32m  OK  [0m] Started Wait until snapd is fully seeded.
         Starting Apply the settings specified in cloud-config...
[   21.176662] cloud-init[1458]: Cloud-init v. 22.4.2-0ubuntu0~18.04.1 running 'modules:config' at Fri, 10 Feb 2023 12:36:00 +0000. Up 20.80 seconds.
[[0;32m  OK  [0m] Started Apply the settings specified in cloud-config.
[[0;32m  OK  [0m] Reached target Multi-User System.
         Starting Execute cloud user/final scripts...
[[0;32m  OK  [0m] Reached target Graphical Interface.
         Starting Update UTMP about System Runlevel Changes...
[[0;32m  OK  [0m] Started Update UTMP about System Runlevel Changes.
ci-info: no authorized SSH keys fingerprints found for user ubuntu.
<14>Feb 10 12:36:01 cloud-init: #############################################################
<14>Feb 10 12:36:01 cloud-init: -----BEGIN SSH HOST KEY FINGERPRINTS-----
<14>Feb 10 12:36:01 cloud-init: 1024 SHA256:L6A8KO0GBOsFPN16RbOM7TAhXeRQACNi2Bd/jJycLV0 root@ubuntu-bionic (DSA)
<14>Feb 10 12:36:01 cloud-init: 256 SHA256:fOhyXYznp5mIhosLeCsYsfoLW7t0gO/WpEdbhGrKxFw root@ubuntu-bionic (ECDSA)
<14>Feb 10 12:36:01 cloud-init: 256 SHA256:hR/oogFFAWqEqDkkPd/D+SXKxSbymcWuuL7xQFa+8Po root@ubuntu-bionic (ED25519)
<14>Feb 10 12:36:01 cloud-init: 2048 SHA256:LnTJ5QGaF4aHTykuRtRt2b9C5f4IQgl3YtAe/abqPo4 root@ubuntu-bionic (RSA)
<14>Feb 10 12:36:01 cloud-init: -----END SSH HOST KEY FINGERPRINTS-----
<14>Feb 10 12:36:01 cloud-init: #############################################################
-----BEGIN SSH HOST KEY KEYS-----
ecdsa-sha2-nistp256 AAAAE2VjZHNhLXNoYTItbmlzdHAyNTYAAAAIbmlzdHAyNTYAAABBBCQb5GTcpAUg54FxbXM9r8t0e0/fYp1vqZe9a4oIPJo95Ur+qfiUBRC65I+mQLwaPBGLyPPG+t1FUXQRTaux6to= root@ubuntu-bionic
ssh-ed25519 AAAAC3NzaC1lZDI1NTE5AAAAIFDuSTJG/tYfxOTTkccz8gYqWp2mtNT4NjoQcQESwFJT root@ubuntu-bionic
ssh-rsa AAAAB3NzaC1yc2EAAAADAQABAAABAQDVvgnTTFtUaMNmLbbhxOqxI/qi+cWpfhEI9OZgSdCFn5jLhqGbsWhgCtcg9+Vuw+TeLoFLHyAocLdNLTzN/enw5GAdNd6hw5+6GT8pI271IXORFgZCiPgP6B544j6k9ga2ArhIHemT1vXTg+h0hZ8O/kq3IUDRwHyu1jtJc3ncIhqtpwY6W0wcUrI2M5955NncbfJPb83my7tYU7q6cx+qKxDNPHa4MMRCHc8LLMy4/AzqhiovbPuvR2L7HTaRGEDbKEX74kpiqAqpuyHQ9V+tLBCykenVI4wStjNIlCJlpXb7U0XoBGFtsNilt6OtxUcK5mX4nJ8K43gHcAS7Qwvd root@ubuntu-bionic
-----END SSH HOST KEY KEYS-----
[   21.840115] cloud-init[1544]: Cloud-init v. 22.4.2-0ubuntu0~18.04.1 running 'modules:final' at Fri, 10 Feb 2023 12:36:01 +0000. Up 21.67 seconds.
[[   21.885878] cloud-init[1544]: Cloud-init v. 22.4.2-0ubuntu0~18.04.1 finished at Fri, 10 Feb 2023 12:36:01 +0000. Datasource DataSourceNoCloud [seed=/dev/sdb][dsmode=net].  Up 21.83 seconds[0;32m  OK  [0m] Started Execute cloud user/final scripts.


Ubuntu 18.04.6 LTS ubuntu-bionic ttyS0

ubuntu-bionic login: 